
> smart-sdlc-platform@1.0.0 build
> vite build

[36mvite v7.3.1 [32mbuilding client environment for production...[36m[39m
transforming...
[32mΓ£ô[39m 144 modules transformed.
rendering chunks...
computing gzip size...
[2mdist/[22m[32mindex.html                          [39m[1m[2m    0.97 kB[22m[1m[22m[2m Γöé gzip:     0.54 kB[22m
[2mdist/[22m[32massets/pdf.worker.min-LyOxJPrg.mjs  [39m[1m[2m1,072.84 kB[22m[1m[22m
[2mdist/[22m[35massets/index-BEb1Qls4.css           [39m[1m[2m  104.75 kB[22m[1m[22m[2m Γöé gzip:    17.15 kB[22m
[2mdist/[22m[36massets/index-B50v163n.js            [39m[1m[33m2,790.12 kB[39m[22m[2m Γöé gzip: 1,115.78 kB[22m
node.exe : [33m
At C:\Program 
Files\nodejs\npm.ps1:29 char:3
+   & $NODE_EXE $NPM_CLI_JS $args
+   ~~~~~~~~~~~~~~~~~~~~~~~~~~~~~
    + CategoryInfo          : NotSpe 
   cified: ([33m:String) [], Remot  
  eException
    + FullyQualifiedErrorId : Native 
   CommandError
 
(!) Some chunks are larger than 500 
kB after minification. Consider:
- Using dynamic import() to 
code-split the application
- Use build.rollupOptions.output.manu
alChunks to improve chunking: https:/
/rollupjs.org/configuration-options/#
output-manualchunks
- Adjust chunk size limit for this 
warning via 
build.chunkSizeWarningLimit.[39m
[32mΓ£ô built in 10.34s[39m
